../Core/Src/main.c:124:6:HAL_TIM_PeriodElapsedCallback	40	static
../Core/Src/main.c:158:6:HAL_FDCAN_RxFifo0Callback	32	static
../Core/Src/main.c:178:6:HAL_FDCAN_RxFifo1Callback	16	static
../Core/Src/main.c:210:6:FDCAN_RxTxSettings	40	static
../Core/Src/main.c:251:6:FDCAN_motor_RxTxSettings	40	static
../Core/Src/main.c:291:6:omni_calc	152	static
../Core/Src/main.c:309:5:_write	24	static
../Core/Src/main.c:320:5:main	8	static
../Core/Src/main.c:394:6:SystemClock_Config	88	static
../Core/Src/main.c:441:13:MX_FDCAN1_Init	8	static
../Core/Src/main.c:484:13:MX_FDCAN3_Init	8	static
../Core/Src/main.c:527:13:MX_TIM6_Init	24	static
../Core/Src/main.c:565:13:MX_USART2_UART_Init	8	static
../Core/Src/main.c:613:13:MX_GPIO_Init	40	static
../Core/Src/main.c:645:6:Error_Handler	8	static,ignoring_inline_asm
