../Core/Src/main.c:126:6:HAL_FDCAN_RxFifo0Callback	32	static
../Core/Src/main.c:146:6:HAL_FDCAN_RxFifo1Callback	16	static
../Core/Src/main.c:177:6:FDCAN_RxTxSettings	40	static
../Core/Src/main.c:218:6:FDCAN_motor_RxTxSettings	40	static
../Core/Src/main.c:258:6:omni_calc	152	static
../Core/Src/main.c:276:6:HAL_TIM_PeriodElapsedCallback	40	static
../Core/Src/main.c:324:5:_write	24	static
../Core/Src/main.c:335:5:main	16	static
../Core/Src/main.c:395:6:SystemClock_Config	88	static
../Core/Src/main.c:442:13:MX_FDCAN1_Init	8	static
../Core/Src/main.c:485:13:MX_FDCAN3_Init	8	static
../Core/Src/main.c:528:13:MX_TIM6_Init	24	static
../Core/Src/main.c:566:13:MX_USART2_UART_Init	8	static
../Core/Src/main.c:614:13:MX_GPIO_Init	40	static
../Core/Src/main.c:646:6:Error_Handler	8	static,ignoring_inline_asm
